// Jest Snapshot v1, https://goo.gl/fbAQLP

exports[`Users Screen renders correctly 1`] = `undefined`;
