// Jest Snapshot v1, https://goo.gl/fbAQLP

exports[`Users Screen should render table with 2 users 1`] = `
<body>
  <div>
    <main
      class="main"
    >
      <table
        class="usersTable"
      >
        <thead>
          <tr>
            <th>
              First Name
            </th>
            <th>
              Last Name
            </th>
            <th>
              Email
            </th>
            <th>
              Date of Birth
            </th>
          </tr>
        </thead>
        <tbody>
          <tr
            data-testid="row-6346366"
          >
            <td>
              6346366
            </td>
            <td>
              ggg
            </td>
            <td>
              dorin.ilusca@hotmail.com
            </td>
            <td>
              2022-11-28
            </td>
            <td>
              <div
                class="buttonsContainer"
              >
                <button
                  class="button"
                  data-testid="fde94e38-a0e8-4244-bbce-65943235bb47-details"
                  name="Show Details"
                  type="button"
                >
                  <span
                    class="buttonText"
                  >
                    Show Details
                  </span>
                </button>
                <button
                  class="button"
                  data-testid="fde94e38-a0e8-4244-bbce-65943235bb47-delete"
                  name="Delete"
                  type="button"
                >
                  <span
                    class="buttonText"
                  >
                    Delete
                  </span>
                </button>
              </div>
            </td>
          </tr>
          <tr
            data-testid="row-DORIN"
          >
            <td>
              DORIN
            </td>
            <td>
              ILUSCA
            </td>
            <td>
              ilusca97@gmail.com
            </td>
            <td>
              2022-09-27
            </td>
            <td>
              <div
                class="buttonsContainer"
              >
                <button
                  class="button"
                  data-testid="9d549a7f-f881-47fb-b615-16fd0b81078e-details"
                  name="Show Details"
                  type="button"
                >
                  <span
                    class="buttonText"
                  >
                    Show Details
                  </span>
                </button>
                <button
                  class="button"
                  data-testid="9d549a7f-f881-47fb-b615-16fd0b81078e-delete"
                  name="Delete"
                  type="button"
                >
                  <span
                    class="buttonText"
                  >
                    Delete
                  </span>
                </button>
              </div>
            </td>
          </tr>
        </tbody>
      </table>
    </main>
  </div>
</body>
`;
